
> weightwisehealth@1.0.0 build
> next build

(node:94131) [MODULE_TYPELESS_PACKAGE_JSON] Warning: Module type of file:///Users/nascimento/Documents/GitHub/weightwisehealth/next.config.js is not specified and it doesn't parse as CommonJS.
Reparsing as ES module because module syntax was detected. This incurs a performance overhead.
To eliminate this warning, add "type": "module" to /Users/nascimento/Documents/GitHub/weightwisehealth/package.json.
(Use `node --trace-warnings ...` to show where the warning was created)
  ▲ Next.js 14.2.3
  - Environments: .env.local

   Creating an optimized production build ...
<w> [webpack.cache.PackFileCacheStrategy/webpack.FileSystemInfo] Parsing of /Users/nascimento/Documents/GitHub/weightwisehealth/node_modules/next-intl/dist/esm/production/extractor/format/index.js for build dependencies failed at 'import(t)'.
<w> Build dependencies behind this expression are ignored and might cause incorrect cache invalidation.
<w> [webpack.cache.PackFileCacheStrategy/webpack.FileSystemInfo] Parsing of /Users/nascimento/Documents/GitHub/weightwisehealth/node_modules/next-intl/dist/esm/production/extractor/format/index.js for build dependencies failed at 'import(t)'.
<w> Build dependencies behind this expression are ignored and might cause incorrect cache invalidation.
<w> [webpack.cache.PackFileCacheStrategy/webpack.FileSystemInfo] Parsing of /Users/nascimento/Documents/GitHub/weightwisehealth/node_modules/next-intl/dist/esm/production/extractor/format/index.js for build dependencies failed at 'import(t)'.
<w> Build dependencies behind this expression are ignored and might cause incorrect cache invalidation.
 ✓ Compiled successfully
   Linting and checking validity of types ...
Failed to compile.

./src/app/[locale]/layout.tsx:1:1
Type error: Declaration or statement expected.

[0m[31m[1m>[22m[39m[90m 1 |[39m [33m...[39m[0m
[0m [90m   |[39m [31m[1m^[22m[39m[0m
[0m [90m 2 |[39m[0m
